

================================================================
== Vitis HLS Report for 'sc1'
================================================================
* Date:           Thu Jan  4 18:17:47 2024

* Version:        2023.2 (Build 4023990 on Oct 11 2023)
* Project:        prb1_c2-HLS
* Solution:       solution1 (Vivado IP Flow Target)
* Product family: artix7
* Target device:  xc7a100t-csg324-1


================================================================
== Performance Estimates
================================================================
+ Timing: 
    * Summary: 
    +--------+----------+----------+------------+
    |  Clock |  Target  | Estimated| Uncertainty|
    +--------+----------+----------+------------+
    |ap_clk  |  10.00 ns|  2.934 ns|     2.70 ns|
    +--------+----------+----------+------------+

+ Latency: 
    * Summary: 
    +---------+---------+----------+----------+-----+-----+---------+
    |  Latency (cycles) |  Latency (absolute) |  Interval | Pipeline|
    |   min   |   max   |    min   |    max   | min | max |   Type  |
    +---------+---------+----------+----------+-----+-----+---------+
    |        0|        0|      0 ns|      0 ns|    1|    1|       no|
    +---------+---------+----------+----------+-----+-----+---------+

    + Detail: 
        * Instance: 
        N/A

        * Loop: 
        N/A



================================================================
== Utilization Estimates
================================================================
* Summary: 
+-----------------+---------+-----+--------+-------+-----+
|       Name      | BRAM_18K| DSP |   FF   |  LUT  | URAM|
+-----------------+---------+-----+--------+-------+-----+
|DSP              |        -|    -|       -|      -|    -|
|Expression       |        -|    -|       0|     28|    -|
|FIFO             |        -|    -|       -|      -|    -|
|Instance         |        -|    -|       -|      -|    -|
|Memory           |        -|    -|       -|      -|    -|
|Multiplexer      |        -|    -|       -|      -|    -|
|Register         |        -|    -|       -|      -|    -|
+-----------------+---------+-----+--------+-------+-----+
|Total            |        0|    0|       0|     28|    0|
+-----------------+---------+-----+--------+-------+-----+
|Available        |      270|  240|  126800|  63400|    0|
+-----------------+---------+-----+--------+-------+-----+
|Utilization (%)  |        0|    0|       0|     ~0|    0|
+-----------------+---------+-----+--------+-------+-----+

+ Detail: 
    * Instance: 
    N/A

    * DSP: 
    N/A

    * Memory: 
    N/A

    * FIFO: 
    N/A

    * Expression: 
    +----------------------+----------+----+---+----+------------+------------+
    |     Variable Name    | Operation| DSP| FF| LUT| Bitwidth P0| Bitwidth P1|
    +----------------------+----------+----+---+----+------------+------------+
    |and_ln9_fu_86_p2      |       and|   0|  0|   2|           1|           1|
    |var1_fu_74_p2         |       and|   0|  0|   2|           1|           1|
    |var2_fu_98_p2         |       and|   0|  0|   2|           1|           1|
    |var3_fu_110_p2        |       and|   0|  0|   2|           1|           1|
    |var4_fu_134_p2        |       and|   0|  0|   2|           1|           1|
    |or_ln12_fu_116_p2     |        or|   0|  0|   2|           1|           1|
    |or_ln31_fu_140_p2     |        or|   0|  0|   2|           1|           1|
    |out1                  |        or|   0|  0|   2|           1|           1|
    |out2                  |        or|   0|  0|   2|           1|           1|
    |xor_ln12_1_fu_128_p2  |       xor|   0|  0|   2|           1|           2|
    |xor_ln12_fu_122_p2    |       xor|   0|  0|   2|           1|           1|
    |xor_ln6_1_fu_92_p2    |       xor|   0|  0|   2|           2|           1|
    |xor_ln6_fu_80_p2      |       xor|   0|  0|   2|           1|           1|
    |xor_ln9_fu_104_p2     |       xor|   0|  0|   2|           1|           2|
    +----------------------+----------+----+---+----+------------+------------+
    |Total                 |          |   0|  0|  28|          15|          16|
    +----------------------+----------+----+---+----+------------+------------+

    * Multiplexer: 
    N/A

    * Register: 
    N/A



================================================================
== Interface
================================================================
* Summary: 
+----------+-----+-----+---------+--------------+---------+
| RTL Ports| Dir | Bits| Protocol| Source Object|  C Type |
+----------+-----+-----+---------+--------------+---------+
|a         |   in|    1|  ap_none|             a|   scalar|
|b         |   in|    1|  ap_none|             b|   scalar|
|c         |   in|    1|  ap_none|             c|   scalar|
|d         |   in|    1|  ap_none|             d|   scalar|
|out1      |  out|    1|  ap_none|          out1|  pointer|
|out2      |  out|    1|  ap_none|          out2|  pointer|
+----------+-----+-----+---------+--------------+---------+

