

================================================================
== Synthesis Summary Report of 'clock_generator'
================================================================
+ General Information: 
    * Date:           Fri Jan  5 22:34:31 2024
    * Version:        2023.2 (Build 4023990 on Oct 11 2023)
    * Project:        clock_generator
    * Solution:       solution1 (Vivado IP Flow Target)
    * Product family: artix7
    * Target device:  xc7a100t-csg324-1
    

+ Performance & Resource Estimates: 
    
    PS: '+' for module; 'o' for loop; '*' for dataflow
    +-------------------+------+------+---------+--------+----------+---------+------+----------+------+----+----------+-----------+-----+
    |      Modules      | Issue|      | Latency | Latency| Iteration|         | Trip |          |      |    |          |           |     |
    |      & Loops      | Type | Slack| (cycles)|  (ns)  |  Latency | Interval| Count| Pipelined| BRAM | DSP|    FF    |    LUT    | URAM|
    +-------------------+------+------+---------+--------+----------+---------+------+----------+------+----+----------+-----------+-----+
    |+ clock_generator  |     -|  3.62|        0|   0.000|         -|        1|     -|        no|     -|   -|  34 (~0%)|  112 (~0%)|    -|
    +-------------------+------+------+---------+--------+----------+---------+------+----------+------+----+----------+-----------+-----+


================================================================
== HW Interfaces
================================================================
* Other Ports
+------------+---------+-----------+----------+
| Port       | Mode    | Direction | Bitwidth |
+------------+---------+-----------+----------+
| slow_clock | ap_none | out       | 1        |
+------------+---------+-----------+----------+

* TOP LEVEL CONTROL
+-----------+--------------+--------+
| Interface | Type         | Ports  |
+-----------+--------------+--------+
| ap_clk    | clock        | ap_clk |
| ap_rst    | reset        | ap_rst |
| ap_ctrl   | ap_ctrl_none |        |
+-----------+--------------+--------+


================================================================
== SW I/O Information
================================================================
* Top Function Arguments
+------------+-----------+----------+
| Argument   | Direction | Datatype |
+------------+-----------+----------+
| slow_clock | out       | bool&    |
+------------+-----------+----------+

* SW-to-HW Mapping
+------------+--------------+---------+
| Argument   | HW Interface | HW Type |
+------------+--------------+---------+
| slow_clock | slow_clock   | port    |
+------------+--------------+---------+


================================================================
== Bind Op Report
================================================================
+-------------------------+-----+--------+--------------+-----+--------+---------+
| Name                    | DSP | Pragma | Variable     | Op  | Impl   | Latency |
+-------------------------+-----+--------+--------------+-----+--------+---------+
| + clock_generator       | 0   |        |              |     |        |         |
|   next_counter_fu_50_p2 |     |        | next_counter | add | fabric | 0       |
+-------------------------+-----+--------+--------------+-----+--------+---------+


================================================================
== Storage Report
================================================================
  No bind storage info in design

================================================================
== Pragma Report
================================================================
* Valid Pragma Syntax
+-----------+-------------------------------+----------------------------------------------------------------------+
| Type      | Options                       | Location                                                             |
+-----------+-------------------------------+----------------------------------------------------------------------+
| interface | mode=ap_ctrl_none port=return | clock_generator/clock_generator.cpp:8 in clock_generator, return     |
| interface | mode=ap_none port=slow_clock  | clock_generator/clock_generator.cpp:9 in clock_generator, slow_clock |
+-----------+-------------------------------+----------------------------------------------------------------------+


